// Jest Snapshot v1, https://goo.gl/fbAQLP

exports[`<AddToCart /> renders and matches the snap shor 1`] = `
<button
  disabled={false}
  onClick={[Function]}
  type="button"
>
  Add
   To Cart ðŸ›’
</button>
`;
