// Jest Snapshot v1, https://goo.gl/fbAQLP

exports[`<Item /> renders and displays properly 1`] = `
<ItemStyles__Item>
  <img
    alt="A Cool Item"
    src="dog.jpg"
  />
  <Title>
    <Link
      href={
        Object {
          "pathname": "/item",
          "query": Object {
            "id": "ABC123",
          },
        }
      }
    >
      <a>
        A Cool Item
      </a>
    </Link>
  </Title>
  <PriceTag>
    $50
  </PriceTag>
  <p>
    This item is really cool!
  </p>
  <div
    className="buttonList"
  >
    <Link
      href={
        Object {
          "pathname": "/update",
          "query": Object {
            "id": "ABC123",
          },
        }
      }
    >
      <a>
        Edit ✏️
      </a>
    </Link>
    <AddToCart
      id="ABC123"
      image="dog.jpg"
      price={5000}
      title="A Cool Item"
    />
    <DeleteItem
      id="ABC123"
    >
      Delete this item
    </DeleteItem>
  </div>
</ItemStyles__Item>
`;
